lattice_constant :  PR_044492852008_000
energy :            PR_189562759581_000
